COMMAND ./gradlew --no-daemon --console=plain projects
Downloading https://services.gradle.org/distributions/gradle-8.13-bin.zip

Exception in thread "main" java.net.SocketException: Operation not permitted
	at java.base/sun.nio.ch.Net.socket0(Native Method)
	at java.base/sun.nio.ch.Net.socket(Net.java:546)
	at java.base/sun.nio.ch.Net.socket(Net.java:540)
	at java.base/sun.nio.ch.NioSocketImpl.create(NioSocketImpl.java:466)
	at java.base/java.net.DelegatingSocketImpl.create(DelegatingSocketImpl.java:74)
	at java.base/java.net.Socket.getImpl(Socket.java:599)
	at java.base/java.net.Socket.connect(Socket.java:751)
	at java.base/sun.security.ssl.SSLSocketImpl.connect(SSLSocketImpl.java:304)
	at java.base/sun.net.NetworkClient.doConnect(NetworkClient.java:178)
	at java.base/sun.net.www.http.HttpClient.openServer(HttpClient.java:539)
	at java.base/sun.net.www.http.HttpClient.openServer(HttpClient.java:644)
	at java.base/sun.net.www.protocol.https.HttpsClient.<init>(HttpsClient.java:265)
	at java.base/sun.net.www.protocol.https.HttpsClient.New(HttpsClient.java:378)
	at java.base/sun.net.www.protocol.https.AbstractDelegateHttpsURLConnection.getNewHttpClient(AbstractDelegateHttpsURLConnection.java:196)
	at java.base/sun.net.www.protocol.http.HttpURLConnection.plainConnect0(HttpURLConnection.java:1260)
	at java.base/sun.net.www.protocol.http.HttpURLConnection.plainConnect(HttpURLConnection.java:1146)
	at java.base/sun.net.www.protocol.http.HttpURLConnection.connect(HttpURLConnection.java:1075)
	at java.base/sun.net.www.protocol.https.AbstractDelegateHttpsURLConnection.connect(AbstractDelegateHttpsURLConnection.java:181)
	at java.base/sun.net.www.protocol.http.HttpURLConnection.getInputStream0(HttpURLConnection.java:1707)
	at java.base/sun.net.www.protocol.http.HttpURLConnection.getInputStream(HttpURLConnection.java:1632)
	at java.base/sun.net.www.protocol.https.HttpsURLConnectionImpl.getInputStream(HttpsURLConnectionImpl.java:223)
	at org.gradle.wrapper.Install.forceFetch(SourceFile:2)
	at org.gradle.wrapper.Install$1.call(SourceFile:8)
	at org.gradle.wrapper.GradleWrapperMain.main(SourceFile:67)

EXIT 1
